// Validating benchmarks:
// ***** BenchmarkRunner: Start   *****
// ***** Found 1 benchmark(s) in total *****
// ***** Building 1 exe(s) in Parallel: Start   *****
// start dotnet  restore --nodeReuse:false /p:UseSharedCompilation=false /p:Deterministic=true /p:Optimize=true /p:ArtifactsPath="/var/home/matt/ChessEngine/Benchmark/bin/Release/net10.0/Benchmark-DefaultJob-1/" /p:OutDir="/var/home/matt/ChessEngine/Benchmark/bin/Release/net10.0/Benchmark-DefaultJob-1/bin/Release/net10.0/" /p:OutputPath="/var/home/matt/ChessEngine/Benchmark/bin/Release/net10.0/Benchmark-DefaultJob-1/bin/Release/net10.0/" /p:PublishDir="/var/home/matt/ChessEngine/Benchmark/bin/Release/net10.0/Benchmark-DefaultJob-1/publish/" in /var/home/matt/ChessEngine/Benchmark/bin/Release/net10.0/Benchmark-DefaultJob-1
// command took 1.31 sec and exited with 0
// start dotnet  build -c Release --no-restore --nodeReuse:false /p:UseSharedCompilation=false /p:Deterministic=true /p:Optimize=true /p:ArtifactsPath="/var/home/matt/ChessEngine/Benchmark/bin/Release/net10.0/Benchmark-DefaultJob-1/" /p:OutDir="/var/home/matt/ChessEngine/Benchmark/bin/Release/net10.0/Benchmark-DefaultJob-1/bin/Release/net10.0/" /p:OutputPath="/var/home/matt/ChessEngine/Benchmark/bin/Release/net10.0/Benchmark-DefaultJob-1/bin/Release/net10.0/" /p:PublishDir="/var/home/matt/ChessEngine/Benchmark/bin/Release/net10.0/Benchmark-DefaultJob-1/publish/" --output "/var/home/matt/ChessEngine/Benchmark/bin/Release/net10.0/Benchmark-DefaultJob-1/bin/Release/net10.0/" in /var/home/matt/ChessEngine/Benchmark/bin/Release/net10.0/Benchmark-DefaultJob-1
// command took 4.58 sec and exited with 0
// ***** Done, took 00:00:05 (5.91 sec)   *****
// Found 1 benchmarks:
//   SearchBenchmarks.GetPossibleMovesBenchmark: DefaultJob

// **************************
// Benchmark: SearchBenchmarks.GetPossibleMovesBenchmark: DefaultJob
// *** Execute ***
// Launch: 1 / 1
// Execute: dotnet Benchmark-DefaultJob-1.dll --anonymousPipes 116 117 --benchmarkName Benchmark.SearchBenchmarks.GetPossibleMovesBenchmark --job Default --benchmarkId 0 in /var/home/matt/ChessEngine/Benchmark/bin/Release/net10.0/Benchmark-DefaultJob-1/bin/Release/net10.0
// Failed to set up high priority (Permission denied). In order to run benchmarks with high priority, make sure you have the right permissions.
// BeforeAnythingElse

// Benchmark Process Environment Information:
// BenchmarkDotNet v0.15.8
// Runtime=.NET 10.0.7 (10.0.7, 10.0.726.21808), X64 RyuJIT x86-64-v4
// GC=Concurrent Workstation
// HardwareIntrinsics=AVX512 BITALG+VBMI2+VNNI+VPOPCNTDQ,AVX512 IFMA+VBMI,AVX512 F+BW+CD+DQ+VL,AVX2+BMI1+BMI2+F16C+FMA+LZCNT+MOVBE,AVX,SSE3+SSSE3+SSE4.1+SSE4.2+POPCNT,X86Base+SSE+SSE2,AES+PCLMUL,AvxVnni VectorSize=256
// Job: DefaultJob

OverheadJitting  1: 1 op, 123821.00 ns, 123.8210 us/op
WorkloadJitting  1: 1 op, 2318784.00 ns, 2.3188 ms/op

OverheadJitting  2: 16 op, 204283.00 ns, 12.7677 us/op
WorkloadJitting  2: 16 op, 332793.00 ns, 20.7996 us/op

WorkloadPilot    1: 16 op, 162351.00 ns, 10.1469 us/op
WorkloadPilot    2: 32 op, 321034.00 ns, 10.0323 us/op
WorkloadPilot    3: 64 op, 602596.00 ns, 9.4156 us/op
WorkloadPilot    4: 128 op, 1298504.00 ns, 10.1446 us/op
WorkloadPilot    5: 256 op, 2580697.00 ns, 10.0808 us/op
WorkloadPilot    6: 512 op, 8080854.00 ns, 15.7829 us/op
WorkloadPilot    7: 1024 op, 11039244.00 ns, 10.7805 us/op
WorkloadPilot    8: 2048 op, 25588226.00 ns, 12.4943 us/op
WorkloadPilot    9: 4096 op, 40492601.00 ns, 9.8859 us/op
WorkloadPilot   10: 8192 op, 47888608.00 ns, 5.8458 us/op
WorkloadPilot   11: 16384 op, 21605114.00 ns, 1.3187 us/op
WorkloadPilot   12: 32768 op, 40104967.00 ns, 1.2239 us/op
WorkloadPilot   13: 65536 op, 73922629.00 ns, 1.1280 us/op
WorkloadPilot   14: 131072 op, 149067969.00 ns, 1.1373 us/op
WorkloadPilot   15: 262144 op, 283244674.00 ns, 1.0805 us/op
WorkloadPilot   16: 524288 op, 562286426.00 ns, 1.0725 us/op

OverheadWarmup   1: 524288 op, 678967.00 ns, 1.2950 ns/op
OverheadWarmup   2: 524288 op, 677087.00 ns, 1.2914 ns/op
OverheadWarmup   3: 524288 op, 676627.00 ns, 1.2906 ns/op
OverheadWarmup   4: 524288 op, 679807.00 ns, 1.2966 ns/op
OverheadWarmup   5: 524288 op, 685097.00 ns, 1.3067 ns/op
OverheadWarmup   6: 524288 op, 675317.00 ns, 1.2881 ns/op
OverheadWarmup   7: 524288 op, 674967.00 ns, 1.2874 ns/op
OverheadWarmup   8: 524288 op, 674947.00 ns, 1.2874 ns/op
OverheadWarmup   9: 524288 op, 675737.00 ns, 1.2889 ns/op
OverheadWarmup  10: 524288 op, 943340.00 ns, 1.7993 ns/op

OverheadActual   1: 524288 op, 1036291.00 ns, 1.9766 ns/op
OverheadActual   2: 524288 op, 1052731.00 ns, 2.0079 ns/op
OverheadActual   3: 524288 op, 902969.00 ns, 1.7223 ns/op
OverheadActual   4: 524288 op, 725277.00 ns, 1.3834 ns/op
OverheadActual   5: 524288 op, 708607.00 ns, 1.3516 ns/op
OverheadActual   6: 524288 op, 725227.00 ns, 1.3833 ns/op
OverheadActual   7: 524288 op, 691937.00 ns, 1.3198 ns/op
OverheadActual   8: 524288 op, 681887.00 ns, 1.3006 ns/op
OverheadActual   9: 524288 op, 682767.00 ns, 1.3023 ns/op
OverheadActual  10: 524288 op, 685087.00 ns, 1.3067 ns/op
OverheadActual  11: 524288 op, 705868.00 ns, 1.3463 ns/op
OverheadActual  12: 524288 op, 839669.00 ns, 1.6015 ns/op
OverheadActual  13: 524288 op, 1078051.00 ns, 2.0562 ns/op
OverheadActual  14: 524288 op, 1080581.00 ns, 2.0610 ns/op
OverheadActual  15: 524288 op, 1092341.00 ns, 2.0835 ns/op
OverheadActual  16: 524288 op, 1108801.00 ns, 2.1149 ns/op
OverheadActual  17: 524288 op, 1113282.00 ns, 2.1234 ns/op
OverheadActual  18: 524288 op, 1123212.00 ns, 2.1424 ns/op
OverheadActual  19: 524288 op, 1132702.00 ns, 2.1605 ns/op
OverheadActual  20: 524288 op, 925179.00 ns, 1.7646 ns/op

WorkloadWarmup   1: 524288 op, 566545130.00 ns, 1.0806 us/op
WorkloadWarmup   2: 524288 op, 567612941.00 ns, 1.0826 us/op
WorkloadWarmup   3: 524288 op, 576870757.00 ns, 1.1003 us/op
WorkloadWarmup   4: 524288 op, 566711711.00 ns, 1.0809 us/op
WorkloadWarmup   5: 524288 op, 570314589.00 ns, 1.0878 us/op
WorkloadWarmup   6: 524288 op, 567975554.00 ns, 1.0833 us/op

// BeforeActualRun
WorkloadActual   1: 524288 op, 572162078.00 ns, 1.0913 us/op
WorkloadActual   2: 524288 op, 569491200.00 ns, 1.0862 us/op
WorkloadActual   3: 524288 op, 570863454.00 ns, 1.0888 us/op
WorkloadActual   4: 524288 op, 570902085.00 ns, 1.0889 us/op
WorkloadActual   5: 524288 op, 568406419.00 ns, 1.0841 us/op
WorkloadActual   6: 524288 op, 566954654.00 ns, 1.0814 us/op
WorkloadActual   7: 524288 op, 568222147.00 ns, 1.0838 us/op
WorkloadActual   8: 524288 op, 571501861.00 ns, 1.0901 us/op
WorkloadActual   9: 524288 op, 570377629.00 ns, 1.0879 us/op
WorkloadActual  10: 524288 op, 571628963.00 ns, 1.0903 us/op
WorkloadActual  11: 524288 op, 567842243.00 ns, 1.0831 us/op
WorkloadActual  12: 524288 op, 567515190.00 ns, 1.0824 us/op
WorkloadActual  13: 524288 op, 565675041.00 ns, 1.0789 us/op
WorkloadActual  14: 524288 op, 567061155.00 ns, 1.0816 us/op
WorkloadActual  15: 524288 op, 570207078.00 ns, 1.0876 us/op

// AfterActualRun
WorkloadResult   1: 524288 op, 571248004.00 ns, 1.0896 us/op
WorkloadResult   2: 524288 op, 568577126.00 ns, 1.0845 us/op
WorkloadResult   3: 524288 op, 569949380.00 ns, 1.0871 us/op
WorkloadResult   4: 524288 op, 569988011.00 ns, 1.0872 us/op
WorkloadResult   5: 524288 op, 567492345.00 ns, 1.0824 us/op
WorkloadResult   6: 524288 op, 566040580.00 ns, 1.0796 us/op
WorkloadResult   7: 524288 op, 567308073.00 ns, 1.0821 us/op
WorkloadResult   8: 524288 op, 570587787.00 ns, 1.0883 us/op
WorkloadResult   9: 524288 op, 569463555.00 ns, 1.0862 us/op
WorkloadResult  10: 524288 op, 570714889.00 ns, 1.0886 us/op
WorkloadResult  11: 524288 op, 566928169.00 ns, 1.0813 us/op
WorkloadResult  12: 524288 op, 566601116.00 ns, 1.0807 us/op
WorkloadResult  13: 524288 op, 564760967.00 ns, 1.0772 us/op
WorkloadResult  14: 524288 op, 566147081.00 ns, 1.0798 us/op
WorkloadResult  15: 524288 op, 569293004.00 ns, 1.0858 us/op

// AfterAll
// Benchmark Process 53231 has exited with code 0.

Mean = 1.084 μs, StdErr = 0.001 μs (0.09%), N = 15, StdDev = 0.004 μs
Min = 1.077 μs, Q1 = 1.081 μs, Median = 1.084 μs, Q3 = 1.087 μs, Max = 1.090 μs
IQR = 0.006 μs, LowerFence = 1.072 μs, UpperFence = 1.096 μs
ConfidenceInterval = [1.080 μs; 1.088 μs] (CI 99.9%), Margin = 0.004 μs (0.38% of Mean)
Skewness = -0.15, Kurtosis = 1.54, MValue = 2

// ** Remained 0 (0.0%) benchmark(s) to run. Estimated finish 2026-05-02 20:32 (0h 0m from now) **
// ***** BenchmarkRunner: Finish  *****

// * Export *
  BenchmarkDotNet.Artifacts/results/Benchmark.SearchBenchmarks-report.csv
  BenchmarkDotNet.Artifacts/results/Benchmark.SearchBenchmarks-report-github.md
  BenchmarkDotNet.Artifacts/results/Benchmark.SearchBenchmarks-report.html

// * Detailed results *
SearchBenchmarks.GetPossibleMovesBenchmark: DefaultJob
Runtime = .NET 10.0.7 (10.0.7, 10.0.726.21808), X64 RyuJIT x86-64-v4; GC = Concurrent Workstation
Mean = 1.084 μs, StdErr = 0.001 μs (0.09%), N = 15, StdDev = 0.004 μs
Min = 1.077 μs, Q1 = 1.081 μs, Median = 1.084 μs, Q3 = 1.087 μs, Max = 1.090 μs
IQR = 0.006 μs, LowerFence = 1.072 μs, UpperFence = 1.096 μs
ConfidenceInterval = [1.080 μs; 1.088 μs] (CI 99.9%), Margin = 0.004 μs (0.38% of Mean)
Skewness = -0.15, Kurtosis = 1.54, MValue = 2
-------------------- Histogram --------------------
[1.075 μs ; 1.092 μs) | @@@@@@@@@@@@@@@
---------------------------------------------------

// * Summary *

BenchmarkDotNet v0.15.8, Linux Fedora Linux 40 (Container Image)
AMD Ryzen 5 9600X 5.04GHz, 1 CPU, 12 logical and 6 physical cores
.NET SDK 10.0.203
  [Host]     : .NET 10.0.7 (10.0.7, 10.0.726.21808), X64 RyuJIT x86-64-v4
  DefaultJob : .NET 10.0.7 (10.0.7, 10.0.726.21808), X64 RyuJIT x86-64-v4


| Method                    | Mean     | Error     | StdDev    | Ratio |
|-------------------------- |---------:|----------:|----------:|------:|
| GetPossibleMovesBenchmark | 1.084 μs | 0.0041 μs | 0.0038 μs |  1.00 |

// * Legends *
  Mean   : Arithmetic mean of all measurements
  Error  : Half of 99.9% confidence interval
  StdDev : Standard deviation of all measurements
  Ratio  : Mean of the ratio distribution ([Current]/[Baseline])
  1 μs   : 1 Microsecond (0.000001 sec)

// ***** BenchmarkRunner: End *****
Run time: 00:00:13 (13.4 sec), executed benchmarks: 1

Global total time: 00:00:19 (19.36 sec), executed benchmarks: 1
// * Artifacts cleanup *
Artifacts cleanup is finished
